// Jest Snapshot v1, https://goo.gl/fbAQLP

exports[`Testing if CityWeather component renders correctly 1`] = `
<h2>
  No city data yet
</h2>
`;
