// Jest Snapshot v1, https://goo.gl/fbAQLP

exports[`Testing if SearchBar component renders correctly 1`] = `null`;
